22:28:08 **** Auto Build of configuration Debug for project Application_V1 ****
make pre-build main-build 
a9-linaro-pre-build-step
' '
'Building file: ../src/tcp_server_func.c'
'Invoking: ARM v7 gcc compiler'
arm-none-eabi-gcc -Wall -O0 -g3 -c -fmessage-length=0 -MT"src/tcp_server_func.o" -mcpu=cortex-a9 -mfpu=vfpv3 -mfloat-abi=hard -I../../Application_BSP_V1/ps7_cortexa9_0/include -MMD -MP -MF"src/tcp_server_func.d" -MT"src/tcp_server_func.o" -o "src/tcp_server_func.o" "../src/tcp_server_func.c"
../src/tcp_server_func.c:13:8: warning: type defaults to 'int' in declaration of 'TCP_User_Send_Buf' [-Wimplicit-int]
 extern TCP_User_Send_Buf;//发送buffer，在main中定义和改写
        ^~~~~~~~~~~~~~~~~
../src/tcp_server_func.c:14:8: warning: type defaults to 'int' in declaration of 'TCP_User_Recv_Buf' [-Wimplicit-int]
 extern TCP_User_Recv_Buf;//接收buffer，在main中定义和读取
        ^~~~~~~~~~~~~~~~~
../src/tcp_server_func.c: In function 'tcp_recv_callback':
../src/tcp_server_func.c:279:11: warning: passing argument 1 of 'strcpy' makes pointer from integer without a cast [-Wint-conversion]
    strcpy(TCP_User_Recv_Buf, TCPrecvBuffer);
           ^~~~~~~~~~~~~~~~~
In file included from ../../Application_BSP_V1/ps7_cortexa9_0/include/xil_printf.h:9,
                 from ../src/tcp_server_func.h:37,
                 from ../src/tcp_server_func.c:1:
d:\xilinx\sdk\2019.1\gnu\aarch32\nt\gcc-arm-none-eabi\arm-none-eabi\libc\usr\include\string.h:38:8: note: expected 'char * restrict' but argument is of type 'int'
 char  *strcpy (char *__restrict, const char *__restrict);
        ^~~~~~
'Finished building: ../src/tcp_server_func.c'
' '
'Building target: Application_V1.elf'
'Invoking: ARM v7 gcc linker'
arm-none-eabi-gcc -mcpu=cortex-a9 -mfpu=vfpv3 -mfloat-abi=hard -Wl,-build-id=none -specs=Xilinx.spec -Wl,-T -Wl,../src/lscript.ld -L../../Application_BSP_V1/ps7_cortexa9_0/lib -o "Application_V1.elf"  ./src/i2c_access.o ./src/iic_phyreset.o ./src/main.o ./src/oled.o ./src/platform.o ./src/platform_mb.o ./src/platform_zynq.o ./src/platform_zynqmp.o ./src/sfp.o ./src/si5324.o ./src/tcp_server_func.o ./src/udp_server_func.o ./src/user_xadc.o   -Wl,--start-group,-lxil,-lgcc,-lc,--end-group -Wl,--start-group,-lxil,-llwip4,-lgcc,-lc,--end-group
'Finished building target: Application_V1.elf'
' '
'Invoking: ARM v7 Print Size'
arm-none-eabi-size Application_V1.elf  |tee "Application_V1.elf.size"
   text	   data	    bss	    dec	    hex	filename
 158624	   3456	2152752	2314832	 235250	Application_V1.elf
'Finished building: Application_V1.elf.size'
' '

22:28:10 Build Finished (took 1s.912ms)

